Flow report for halfshield
Mon Mar 28 09:08:42 2016
Quartus II 64-Bit Version 13.0.1 Build 232 06/12/2013 Service Pack 1 SJ Web Edition


---------------------
; Table of Contents ;
---------------------
  1. Legal Notice
  2. Flow Summary
  3. Flow Settings
  4. Flow Non-Default Global Settings
  5. Flow Elapsed Time
  6. Flow OS Summary
  7. Flow Log
  8. Flow Messages
  9. Flow Suppressed Messages



----------------
; Legal Notice ;
----------------
Copyright (C) 1991-2013 Altera Corporation
Your use of Altera Corporation's design tools, logic functions 
and other software and tools, and its AMPP partner logic 
functions, and any output files from any of the foregoing 
(including device programming or simulation files), and any 
associated documentation or information are expressly subject 
to the terms and conditions of the Altera Program License 
Subscription Agreement, Altera MegaCore Function License 
Agreement, or other applicable license agreement, including, 
without limitation, that your use is for the sole purpose of 
programming logic devices manufactured by Altera and sold by 
Altera or its authorized distributors.  Please refer to the 
applicable agreement for further details.



+-----------------------------------------------------------------------------+
; Flow Summary                                                                ;
+---------------------------+-------------------------------------------------+
; Flow Status               ; Successful - Mon Mar 28 09:08:42 2016           ;
; Quartus II 64-Bit Version ; 13.0.1 Build 232 06/12/2013 SP 1 SJ Web Edition ;
; Revision Name             ; halfshield                                      ;
; Top-level Entity Name     ; halfshield                                      ;
; Family                    ; MAX7000S                                        ;
; Device                    ; EPM7064STC44-10                                 ;
; Timing Models             ; Final                                           ;
; Total macrocells          ; 22 / 64 ( 34 % )                                ;
; Total pins                ; 33 / 36 ( 92 % )                                ;
+---------------------------+-------------------------------------------------+


+-----------------------------------------+
; Flow Settings                           ;
+-------------------+---------------------+
; Option            ; Setting             ;
+-------------------+---------------------+
; Start date & time ; 03/28/2016 09:08:31 ;
; Main task         ; Compilation         ;
; Revision Name     ; halfshield          ;
+-------------------+---------------------+


+--------------------------------------------------------------------------------------------------------------------+
; Flow Non-Default Global Settings                                                                                   ;
+---------------------------------+-----------------------------+---------------+-------------+----------------------+
; Assignment Name                 ; Value                       ; Default Value ; Entity Name ; Section Id           ;
+---------------------------------+-----------------------------+---------------+-------------+----------------------+
; COMPILER_SIGNATURE_ID           ; 91754606080.145915251101152 ; --            ; --          ; --                   ;
; EDA_DESIGN_ENTRY_SYNTHESIS_TOOL ; Design Compiler             ; <None>        ; --          ; --                   ;
; EDA_INPUT_DATA_FORMAT           ; Vhdl                        ; --            ; --          ; eda_design_synthesis ;
; EDA_INPUT_VCC_NAME              ; Vdd                         ; --            ; --          ; eda_design_synthesis ;
; EDA_LMF_FILE                    ; altsyn.lmf                  ; --            ; --          ; eda_design_synthesis ;
; MAX_CORE_JUNCTION_TEMP          ; 85                          ; --            ; --          ; --                   ;
; MIN_CORE_JUNCTION_TEMP          ; 0                           ; --            ; --          ; --                   ;
; PROJECT_OUTPUT_DIRECTORY        ; output_files                ; --            ; --          ; --                   ;
; VHDL_SHOW_LMF_MAPPING_MESSAGES  ; Off                         ; --            ; --          ; --                   ;
+---------------------------------+-----------------------------+---------------+-------------+----------------------+


+-------------------------------------------------------------------------------------------------------------------------------+
; Flow Elapsed Time                                                                                                             ;
+---------------------------+--------------+-------------------------+---------------------+------------------------------------+
; Module Name               ; Elapsed Time ; Average Processors Used ; Peak Virtual Memory ; Total CPU Time (on all processors) ;
+---------------------------+--------------+-------------------------+---------------------+------------------------------------+
; Analysis & Synthesis      ; 00:00:03     ; 1.0                     ; 464 MB              ; 00:00:02                           ;
; Fitter                    ; 00:00:02     ; 1.0                     ; 493 MB              ; 00:00:01                           ;
; Assembler                 ; 00:00:01     ; 1.0                     ; 382 MB              ; 00:00:01                           ;
; TimeQuest Timing Analyzer ; 00:00:02     ; 1.0                     ; 367 MB              ; 00:00:01                           ;
; Total                     ; 00:00:08     ; --                      ; --                  ; 00:00:05                           ;
+---------------------------+--------------+-------------------------+---------------------+------------------------------------+


+----------------------------------------------------------------------------------------+
; Flow OS Summary                                                                        ;
+---------------------------+------------------+-----------+------------+----------------+
; Module Name               ; Machine Hostname ; OS Name   ; OS Version ; Processor type ;
+---------------------------+------------------+-----------+------------+----------------+
; Analysis & Synthesis      ; D7VD01           ; Windows 7 ; 6.1        ; x86_64         ;
; Fitter                    ; D7VD01           ; Windows 7 ; 6.1        ; x86_64         ;
; Assembler                 ; D7VD01           ; Windows 7 ; 6.1        ; x86_64         ;
; TimeQuest Timing Analyzer ; D7VD01           ; Windows 7 ; 6.1        ; x86_64         ;
+---------------------------+------------------+-----------+------------+----------------+


------------
; Flow Log ;
------------
quartus_map --read_settings_files=on --write_settings_files=off halfshield -c halfshield
quartus_fit --read_settings_files=off --write_settings_files=off halfshield -c halfshield
quartus_asm --read_settings_files=off --write_settings_files=off halfshield -c halfshield
quartus_sta halfshield -c halfshield
quartus_eda --read_settings_files=off --write_settings_files=off halfshield -c halfshield



