Analysis & Synthesis report for halfshield
Mon Mar 28 09:08:33 2016
Quartus II 64-Bit Version 13.0.1 Build 232 06/12/2013 Service Pack 1 SJ Web Edition


---------------------
; Table of Contents ;
---------------------
  1. Legal Notice
  2. Analysis & Synthesis Summary
  3. Analysis & Synthesis Settings
  4. Parallel Compilation
  5. Analysis & Synthesis Source Files Read
  6. Analysis & Synthesis Resource Usage Summary
  7. Analysis & Synthesis Resource Utilization by Entity
  8. User-Specified and Inferred Latches
  9. Analysis & Synthesis Messages



----------------
; Legal Notice ;
----------------
Copyright (C) 1991-2013 Altera Corporation
Your use of Altera Corporation's design tools, logic functions 
and other software and tools, and its AMPP partner logic 
functions, and any output files from any of the foregoing 
(including device programming or simulation files), and any 
associated documentation or information are expressly subject 
to the terms and conditions of the Altera Program License 
Subscription Agreement, Altera MegaCore Function License 
Agreement, or other applicable license agreement, including, 
without limitation, that your use is for the sole purpose of 
programming logic devices manufactured by Altera and sold by 
Altera or its authorized distributors.  Please refer to the 
applicable agreement for further details.



+-------------------------------------------------------------------------------+
; Analysis & Synthesis Summary                                                  ;
+-----------------------------+-------------------------------------------------+
; Analysis & Synthesis Status ; Successful - Mon Mar 28 09:08:33 2016           ;
; Quartus II 64-Bit Version   ; 13.0.1 Build 232 06/12/2013 SP 1 SJ Web Edition ;
; Revision Name               ; halfshield                                      ;
; Top-level Entity Name       ; halfshield                                      ;
; Family                      ; MAX7000S                                        ;
; Total macrocells            ; 22                                              ;
; Total pins                  ; 29                                              ;
+-----------------------------+-------------------------------------------------+


+--------------------------------------------------------------------------------------------------------------+
; Analysis & Synthesis Settings                                                                                ;
+----------------------------------------------------------------------------+-----------------+---------------+
; Option                                                                     ; Setting         ; Default Value ;
+----------------------------------------------------------------------------+-----------------+---------------+
; Device                                                                     ; EPM7064STC44-10 ;               ;
; Top-level entity name                                                      ; halfshield      ; halfshield    ;
; Family name                                                                ; MAX7000S        ; Cyclone IV GX ;
; VHDL Show LMF Mapping Messages                                             ; Off             ;               ;
; Type of Retiming Performed During Resynthesis                              ; Full            ;               ;
; Resynthesis Optimization Effort                                            ; Normal          ;               ;
; Physical Synthesis Level for Resynthesis                                   ; Normal          ;               ;
; Use Generated Physical Constraints File                                    ; On              ;               ;
; Use smart compilation                                                      ; Off             ; Off           ;
; Enable parallel Assembler and TimeQuest Timing Analyzer during compilation ; On              ; On            ;
; Enable compact report table                                                ; Off             ; Off           ;
; Create Debugging Nodes for IP Cores                                        ; Off             ; Off           ;
; Preserve fewer node names                                                  ; On              ; On            ;
; Disable OpenCore Plus hardware evaluation                                  ; Off             ; Off           ;
; Verilog Version                                                            ; Verilog_2001    ; Verilog_2001  ;
; VHDL Version                                                               ; VHDL_1993       ; VHDL_1993     ;
; State Machine Processing                                                   ; Auto            ; Auto          ;
; Safe State Machine                                                         ; Off             ; Off           ;
; Extract Verilog State Machines                                             ; On              ; On            ;
; Extract VHDL State Machines                                                ; On              ; On            ;
; Ignore Verilog initial constructs                                          ; Off             ; Off           ;
; Iteration limit for constant Verilog loops                                 ; 5000            ; 5000          ;
; Iteration limit for non-constant Verilog loops                             ; 250             ; 250           ;
; Add Pass-Through Logic to Inferred RAMs                                    ; On              ; On            ;
; Infer RAMs from Raw Logic                                                  ; On              ; On            ;
; Parallel Synthesis                                                         ; On              ; On            ;
; NOT Gate Push-Back                                                         ; On              ; On            ;
; Power-Up Don't Care                                                        ; On              ; On            ;
; Remove Duplicate Registers                                                 ; On              ; On            ;
; Ignore CARRY Buffers                                                       ; Off             ; Off           ;
; Ignore CASCADE Buffers                                                     ; Off             ; Off           ;
; Ignore GLOBAL Buffers                                                      ; Off             ; Off           ;
; Ignore ROW GLOBAL Buffers                                                  ; Off             ; Off           ;
; Ignore LCELL Buffers                                                       ; Auto            ; Auto          ;
; Ignore SOFT Buffers                                                        ; Off             ; Off           ;
; Limit AHDL Integers to 32 Bits                                             ; Off             ; Off           ;
; Optimization Technique                                                     ; Speed           ; Speed         ;
; Allow XOR Gate Usage                                                       ; On              ; On            ;
; Auto Logic Cell Insertion                                                  ; On              ; On            ;
; Parallel Expander Chain Length                                             ; 4               ; 4             ;
; Auto Parallel Expanders                                                    ; On              ; On            ;
; Auto Open-Drain Pins                                                       ; On              ; On            ;
; Auto Resource Sharing                                                      ; Off             ; Off           ;
; Maximum Fan-in Per Macrocell                                               ; 100             ; 100           ;
; Use LogicLock Constraints during Resource Balancing                        ; On              ; On            ;
; Ignore translate_off and synthesis_off directives                          ; Off             ; Off           ;
; Report Parameter Settings                                                  ; On              ; On            ;
; Report Source Assignments                                                  ; On              ; On            ;
; Report Connectivity Checks                                                 ; On              ; On            ;
; HDL message level                                                          ; Level2          ; Level2        ;
; Suppress Register Optimization Related Messages                            ; Off             ; Off           ;
; Number of Removed Registers Reported in Synthesis Report                   ; 5000            ; 5000          ;
; Number of Swept Nodes Reported in Synthesis Report                         ; 5000            ; 5000          ;
; Number of Inverted Registers Reported in Synthesis Report                  ; 100             ; 100           ;
; Block Design Naming                                                        ; Auto            ; Auto          ;
; Synthesis Effort                                                           ; Auto            ; Auto          ;
; Shift Register Replacement - Allow Asynchronous Clear Signal               ; On              ; On            ;
; Pre-Mapping Resynthesis Optimization                                       ; Off             ; Off           ;
; Analysis & Synthesis Message Level                                         ; Medium          ; Medium        ;
; Disable Register Merging Across Hierarchies                                ; Auto            ; Auto          ;
; Synthesis Seed                                                             ; 1               ; 1             ;
+----------------------------------------------------------------------------+-----------------+---------------+


Parallel compilation was disabled, but you have multiple processors available. Enable parallel compilation to reduce compilation time.
+-------------------------------------+
; Parallel Compilation                ;
+----------------------------+--------+
; Processors                 ; Number ;
+----------------------------+--------+
; Number detected on machine ; 2      ;
; Maximum allowed            ; 1      ;
+----------------------------+--------+


+--------------------------------------------------------------------------------------------------------------------------------------------+
; Analysis & Synthesis Source Files Read                                                                                                     ;
+----------------------------------+-----------------+-----------------+-----------------------------------------------------------+---------+
; File Name with User-Entered Path ; Used in Netlist ; File Type       ; File Name with Absolute Path                              ; Library ;
+----------------------------------+-----------------+-----------------+-----------------------------------------------------------+---------+
; main.vhd                         ; yes             ; User VHDL File  ; N:/Electronics/eightoduino_v3/lcd_halfshield/PLD/main.vhd ;         ;
+----------------------------------+-----------------+-----------------+-----------------------------------------------------------+---------+


+---------------------------------------------+
; Analysis & Synthesis Resource Usage Summary ;
+----------------------+----------------------+
; Resource             ; Usage                ;
+----------------------+----------------------+
; Logic cells          ; 22                   ;
; Total registers      ; 4                    ;
; I/O pins             ; 29                   ;
; Parallel expanders   ; 1                    ;
; Maximum fan-out node ; process_2~8          ;
; Maximum fan-out      ; 8                    ;
; Total fan-out        ; 77                   ;
; Average fan-out      ; 1.51                 ;
+----------------------+----------------------+


+-------------------------------------------------------------------------------------+
; Analysis & Synthesis Resource Utilization by Entity                                 ;
+----------------------------+------------+------+---------------------+--------------+
; Compilation Hierarchy Node ; Macrocells ; Pins ; Full Hierarchy Name ; Library Name ;
+----------------------------+------------+------+---------------------+--------------+
; |halfshield                ; 22         ; 29   ; |halfshield         ; work         ;
+----------------------------+------------+------+---------------------+--------------+


+---------------------------------------------------------------------------------------------------+
; User-Specified and Inferred Latches                                                               ;
+----------------------------------------------------+---------------------+------------------------+
; Latch Name                                         ; Latch Enable Signal ; Free of Timing Hazards ;
+----------------------------------------------------+---------------------+------------------------+
; AQ[1]                                              ; ALE                 ; yes                    ;
; AQ[2]                                              ; ALE                 ; yes                    ;
; AQ[0]                                              ; ALE                 ; yes                    ;
; BL                                                 ; process_1           ; yes                    ;
; Number of user-specified and inferred latches = 4  ;                     ;                        ;
+----------------------------------------------------+---------------------+------------------------+
Note: All latches listed above may not be present at the end of synthesis due to various synthesis optimizations.


+-------------------------------+
; Analysis & Synthesis Messages ;
+-------------------------------+
Info: *******************************************************************
Info: Running Quartus II 64-Bit Analysis & Synthesis
    Info: Version 13.0.1 Build 232 06/12/2013 Service Pack 1 SJ Web Edition
    Info: Processing started: Mon Mar 28 09:08:30 2016
Info: Command: quartus_map --read_settings_files=on --write_settings_files=off halfshield -c halfshield
Warning (20028): Parallel compilation is not licensed and has been disabled
Info (12021): Found 2 design units, including 1 entities, in source file main.vhd
    Info (12022): Found design unit 1: halfshield-Behavioral
    Info (12023): Found entity 1: halfshield
Info (12127): Elaborating entity "halfshield" for the top level hierarchy
Warning (10541): VHDL Signal Declaration warning at main.vhd(25): used implicit default value for signal "SP1" because signal was never assigned a value or an explicit default value. Use of implicit default value may introduce unintended design optimizations.
Warning (10036): Verilog HDL or VHDL warning at main.vhd(36): object "RST" assigned a value but never read
Warning (10631): VHDL Process Statement warning at main.vhd(53): inferring latch(es) for signal or variable "AQ", which holds its previous value in one or more paths through the process
Warning (10631): VHDL Process Statement warning at main.vhd(72): inferring latch(es) for signal or variable "BL", which holds its previous value in one or more paths through the process
Warning (10492): VHDL Process Statement warning at main.vhd(117): signal "ALE" is read inside the Process Statement but isn't in the Process Statement's sensitivity list
Info (10041): Inferred latch for "BL" at main.vhd(72)
Info (10041): Inferred latch for "AQ[0]" at main.vhd(53)
Info (10041): Inferred latch for "AQ[1]" at main.vhd(53)
Info (10041): Inferred latch for "AQ[2]" at main.vhd(53)
Warning (13024): Output pins are stuck at VCC or GND
    Warning (13410): Pin "SP1" is stuck at GND
Warning (21074): Design contains 9 input pin(s) that do not drive logic
    Warning (15610): No output dependent on input pin "A[8]"
    Warning (15610): No output dependent on input pin "A[9]"
    Warning (15610): No output dependent on input pin "A[10]"
    Warning (15610): No output dependent on input pin "A[11]"
    Warning (15610): No output dependent on input pin "A[12]"
    Warning (15610): No output dependent on input pin "A[13]"
    Warning (15610): No output dependent on input pin "A[14]"
    Warning (15610): No output dependent on input pin "A[15]"
    Warning (15610): No output dependent on input pin "RSTn"
Info (21057): Implemented 51 device resources after synthesis - the final resource count might be different
    Info (21058): Implemented 14 input pins
    Info (21059): Implemented 7 output pins
    Info (21060): Implemented 8 bidirectional pins
    Info (21063): Implemented 22 macrocells
Info: Quartus II 64-Bit Analysis & Synthesis was successful. 0 errors, 18 warnings
    Info: Peak virtual memory: 464 megabytes
    Info: Processing ended: Mon Mar 28 09:08:33 2016
    Info: Elapsed time: 00:00:03
    Info: Total CPU time (on all processors): 00:00:03


