EN biu NULL //s2fs02/matt/Electronics/eightoduino_v3/8OD.1_2_PLD_LBUS/eighto/biu.vhd sub00/vhpl78 1484315144
EN timer16 NULL //s2fs02/matt/Electronics/eightoduino_v3/8OD.1_2_PLD_LBUS/eighto/timer16.vhd sub00/vhpl72 1484315138
AR cb4ce_mxilinx_main behavioral C:/Projects/8086/PLD/eighto/main.vhf sub00/vhpl65 1407661099
AR oport_6 behavioral //s8fs01/matt/Electronics/eightoduino/PLD/eighto/oport_6.vhd sub00/vhpl39 1409607047
EN configreg NULL //s2fs02/matt/Electronics/eightoduino_v3/8OD.1_2_PLD_LBUS/eighto/configreg.vhd sub00/vhpl48 1484315130
EN ioport NULL //s8fs01/matt/Electronics/eightoduino_phase_3/8OD.1_PLD_8OD.2/eighto/ioport.vhf sub00/vhpl32 1453705122
AR intc behavioral //s2fs02/matt/Electronics/eightoduino_v3/8OD.1_2_PLD_LBUS/eighto/intc.vhd sub00/vhpl81 1484315133
EN fd16_mxilinx_main NULL C:/Projects/8086/PLD/eighto/main.vhf sub00/vhpl70 1407854557
EN lcd NULL C:/Projects/8od_phase_3/8OD.1_PLD_8OD.2COMPAT/eighto/lcd.vhd sub00/vhpl84 1446756031
EN cb16ce_mxilinx_main NULL C:/Projects/8086/PLD/eighto/main.vhf sub00/vhpl66 1407661310
EN ftclex_mxilinx_main NULL C:/Projects/8086/PLD/eighto/main.vhf sub00/vhpl58 1407786835
AR ld16_mxilinx_main behavioral C:/Projects/8086/PLD/eighto/main.vhf sub00/vhpl03 1407783683
AR lcd behavioral C:/Projects/8od_phase_3/8OD.1_PLD_8OD.2COMPAT/eighto/lcd.vhd sub00/vhpl85 1446756032
EN and6_mxilinx_main NULL C:/Projects/8086/PLD/eighto/main.vhf sub00/vhpl20 1407154072
AR spimaster behavioral //s8fs01/matt/Electronics/eightoduino/PLD/eighto/spimaster.vhd sub00/vhpl77 1413101061
AR ioport_muser_main behavioral C:/Projects/8086/PLD/eighto/main.vhf sub00/vhpl25 1407154071
AR main behavioral //s2fs02/matt/Electronics/eightoduino_v3/8OD.1_2_PLD_LBUS/eighto/main.vhf sub00/vhpl05 1484315159
EN ioport_6 NULL C:/Projects/8086/PLD/eighto/ioport_6.vhd sub00/vhpl42 1407265882
EN buf16_mxilinx_main NULL //s8fs01/matt/Electronics/eightoduino/PLD/eighto/main.vhf sub00/vhpl00 1443533331
AR configreg behavioral //s2fs02/matt/Electronics/eightoduino_v3/8OD.1_2_PLD_LBUS/eighto/configreg.vhd sub00/vhpl49 1484315131
EN obufe_mxilinx_porta NULL C:/Projects/8086/PLD/eighto/porta.vhf sub00/vhpl08 1407240542
EN obufe16_mxilinx_porta NULL C:/Projects/8086/PLD/eighto/porta.vhf sub00/vhpl10 1407240544
AR pic behavioral //s8fs01/matt/Electronics/eightoduino/PLD/eighto/pic.vhd sub00/vhpl55 1409902312
EN lbus NULL //s2fs02/matt/Electronics/eightoduino_v3/8OD.1_2_PLD_LBUS/eighto/lbus.vhd sub00/vhpl86 1484315150
AR ftce_mxilinx_main behavioral C:/Projects/8086/PLD/eighto/main.vhf sub00/vhpl63 1407661309
EN cpuclock NULL //s2fs02/matt/Electronics/eightoduino_v3/8OD.1_2_PLD_LBUS/eighto/cpuclock.vhd sub00/vhpl50 1484315148
AR cb16cle_mxilinx_main behavioral C:/Projects/8086/PLD/eighto/main.vhf sub00/vhpl61 1407786838
EN ioport_6_umux NULL //s2fs02/matt/Electronics/eightoduino_v3/8OD.1_2_PLD_LBUS/eighto/ioport_6_umux.vhd sub00/vhpl46 1484315134
AR buf16_mxilinx_main behavioral //s8fs01/matt/Electronics/eightoduino/PLD/eighto/main.vhf sub00/vhpl01 1443533332
AR obufe_mxilinx_main behavioral //s2fs02/matt/Electronics/eightoduino_v3/8OD.1_2_PLD_LBUS/eighto/main.vhf sub00/vhpl17 1484315155
AR ibuf16_mxilinx_ioport behavioral //s8fs01/matt/Electronics/eightoduino_phase_3/8OD.1_PLD_8OD.2/eighto/ioport.vhf sub00/vhpl27 1453705117
EN m2_1_mxilinx_main NULL C:/Projects/8086/PLD/eighto/main.vhf sub00/vhpl56 1407786833
AR timer16 behavioral //s2fs02/matt/Electronics/eightoduino_v3/8OD.1_2_PLD_LBUS/eighto/timer16.vhd sub00/vhpl73 1484315139
AR fd_mxilinx_main behavioral C:/Projects/8086/PLD/eighto/main.vhf sub00/vhpl69 1407854556
AR obufe_mxilinx_ioport behavioral //s8fs01/matt/Electronics/eightoduino_phase_3/8OD.1_PLD_8OD.2/eighto/ioport.vhf sub00/vhpl29 1453705119
AR fd21 behavioral //s2fs02/matt/Electronics/eightoduino_v3/8OD.1_2_PLD_LBUS/eighto/FD21WB.vhd sub00/vhpl83 1484315129
EN ioport_16_umux NULL //s2fs02/matt/Electronics/eightoduino_v3/8OD.1_2_PLD_LBUS/eighto/ioport_16_umux.vhd sub00/vhpl44 1484315140
AR obufe16_mxilinx_porta behavioral C:/Projects/8086/PLD/eighto/porta.vhf sub00/vhpl11 1407240545
AR biu behavioral //s2fs02/matt/Electronics/eightoduino_v3/8OD.1_2_PLD_LBUS/eighto/biu.vhd sub00/vhpl79 1484315145
EN main NULL //s2fs02/matt/Electronics/eightoduino_v3/8OD.1_2_PLD_LBUS/eighto/main.vhf sub00/vhpl04 1484315158
AR oport_16 behavioral //s8fs01/matt/Electronics/eightoduino/PLD/eighto/oport_16.vhd sub00/vhpl41 1443618240
AR ld16_mxilinx_porta behavioral C:/Projects/8086/PLD/eighto/porta.vhf sub00/vhpl13 1407240547
AR ioport_6 behavioral C:/Projects/8086/PLD/eighto/ioport_6.vhd sub00/vhpl43 1407265883
AR asplit behavioral //s2fs02/matt/Electronics/eightoduino_v3/8OD.1_2_PLD_LBUS/eighto/asplit.vhd sub00/vhpl89 1484315147
EN cb4ce_mxilinx_main NULL C:/Projects/8086/PLD/eighto/main.vhf sub00/vhpl64 1407661098
EN cb16cle_mxilinx_main NULL C:/Projects/8086/PLD/eighto/main.vhf sub00/vhpl60 1407786837
EN ld16_mxilinx_ioport NULL //s8fs01/matt/Electronics/eightoduino_phase_3/8OD.1_PLD_8OD.2/eighto/ioport.vhf sub00/vhpl30 1453705120
AR cpuclock behavioral //s2fs02/matt/Electronics/eightoduino_v3/8OD.1_2_PLD_LBUS/eighto/cpuclock.vhd sub00/vhpl51 1484315149
EN ld16_mxilinx_porta NULL C:/Projects/8086/PLD/eighto/porta.vhf sub00/vhpl12 1407240546
EN fd21 NULL //s2fs02/matt/Electronics/eightoduino_v3/8OD.1_2_PLD_LBUS/eighto/FD21WB.vhd sub00/vhpl82 1484315128
AR ibuf16_mxilinx_main behavioral //s2fs02/matt/Electronics/eightoduino_v3/8OD.1_2_PLD_LBUS/eighto/main.vhf sub00/vhpl23 1484315153
AR and6_mxilinx_main behavioral C:/Projects/8086/PLD/eighto/main.vhf sub00/vhpl21 1407154073
AR oport_5 behavioral //s8fs01/matt/Electronics/eightoduino/PLD/eighto/oport_5.vhd sub00/vhpl53 1408519330
EN ld16_mxilinx_main NULL C:/Projects/8086/PLD/eighto/main.vhf sub00/vhpl02 1407783682
EN ibuf16_mxilinx_ioport NULL //s8fs01/matt/Electronics/eightoduino_phase_3/8OD.1_PLD_8OD.2/eighto/ioport.vhf sub00/vhpl26 1453705116
AR obufe_mxilinx_porta behavioral C:/Projects/8086/PLD/eighto/porta.vhf sub00/vhpl09 1407240543
EN ibuf16_mxilinx_main NULL //s2fs02/matt/Electronics/eightoduino_v3/8OD.1_2_PLD_LBUS/eighto/main.vhf sub00/vhpl22 1484315152
EN portread NULL //s2fs02/matt/Electronics/eightoduino_v3/8OD.1_2_PLD_LBUS/eighto/portread.vhd sub00/vhpl34 1484315136
AR ftclex_mxilinx_main behavioral C:/Projects/8086/PLD/eighto/main.vhf sub00/vhpl59 1407786836
AR adecode behavioral //s2fs02/matt/Electronics/eightoduino_v3/8OD.1_2_PLD_LBUS/eighto/adecode.vhd sub00/vhpl07 1484315143
EN fd16ce_mxilinx_main NULL //s8fs01/matt/Electronics/eightoduino/PLD/eighto/main.vhf sub00/vhpl74 1411807116
AR ioport behavioral //s8fs01/matt/Electronics/eightoduino_phase_3/8OD.1_PLD_8OD.2/eighto/ioport.vhf sub00/vhpl33 1453705123
AR ioport_16 behavioral //s8fs01/matt/Electronics/eightoduino/PLD/eighto/ioport_16.vhd sub00/vhpl37 1443618238
EN ftce_mxilinx_main NULL C:/Projects/8086/PLD/eighto/main.vhf sub00/vhpl62 1407661308
EN obufe16_mxilinx_main NULL //s2fs02/matt/Electronics/eightoduino_v3/8OD.1_2_PLD_LBUS/eighto/main.vhf sub00/vhpl18 1484315156
EN pic NULL //s8fs01/matt/Electronics/eightoduino/PLD/eighto/pic.vhd sub00/vhpl54 1409902311
AR fd16ce_mxilinx_main behavioral //s8fs01/matt/Electronics/eightoduino/PLD/eighto/main.vhf sub00/vhpl75 1411807117
EN fd_mxilinx_main NULL C:/Projects/8086/PLD/eighto/main.vhf sub00/vhpl68 1407854555
AR cb16ce_mxilinx_main behavioral C:/Projects/8086/PLD/eighto/main.vhf sub00/vhpl67 1407661311
EN intc NULL //s2fs02/matt/Electronics/eightoduino_v3/8OD.1_2_PLD_LBUS/eighto/intc.vhd sub00/vhpl80 1484315132
EN oport_16 NULL //s8fs01/matt/Electronics/eightoduino/PLD/eighto/oport_16.vhd sub00/vhpl40 1443618239
AR ioport_16_umux behavioral //s2fs02/matt/Electronics/eightoduino_v3/8OD.1_2_PLD_LBUS/eighto/ioport_16_umux.vhd sub00/vhpl45 1484315141
AR lbus behavioral //s2fs02/matt/Electronics/eightoduino_v3/8OD.1_2_PLD_LBUS/eighto/lbus.vhd sub00/vhpl87 1484315151
EN adecode NULL //s2fs02/matt/Electronics/eightoduino_v3/8OD.1_2_PLD_LBUS/eighto/adecode.vhd sub00/vhpl06 1484315142
AR ld16_mxilinx_ioport behavioral //s8fs01/matt/Electronics/eightoduino_phase_3/8OD.1_PLD_8OD.2/eighto/ioport.vhf sub00/vhpl31 1453705121
EN asplit NULL //s2fs02/matt/Electronics/eightoduino_v3/8OD.1_2_PLD_LBUS/eighto/asplit.vhd sub00/vhpl88 1484315146
EN porta NULL C:/Projects/8086/PLD/eighto/porta.vhf sub00/vhpl14 1407240548
AR fd16_mxilinx_main behavioral C:/Projects/8086/PLD/eighto/main.vhf sub00/vhpl71 1407854558
AR m2_1_mxilinx_main behavioral C:/Projects/8086/PLD/eighto/main.vhf sub00/vhpl57 1407786834
EN ioport_muser_main NULL C:/Projects/8086/PLD/eighto/main.vhf sub00/vhpl24 1407154070
AR obufe16_mxilinx_main behavioral //s2fs02/matt/Electronics/eightoduino_v3/8OD.1_2_PLD_LBUS/eighto/main.vhf sub00/vhpl19 1484315157
EN oport_5 NULL //s8fs01/matt/Electronics/eightoduino/PLD/eighto/oport_5.vhd sub00/vhpl52 1408519329
EN obufe_mxilinx_main NULL //s2fs02/matt/Electronics/eightoduino_v3/8OD.1_2_PLD_LBUS/eighto/main.vhf sub00/vhpl16 1484315154
EN oport_6 NULL //s8fs01/matt/Electronics/eightoduino/PLD/eighto/oport_6.vhd sub00/vhpl38 1409607046
AR portread behavioral //s2fs02/matt/Electronics/eightoduino_v3/8OD.1_2_PLD_LBUS/eighto/portread.vhd sub00/vhpl35 1484315137
AR ioport_6_umux behavioral //s2fs02/matt/Electronics/eightoduino_v3/8OD.1_2_PLD_LBUS/eighto/ioport_6_umux.vhd sub00/vhpl47 1484315135
EN obufe_mxilinx_ioport NULL //s8fs01/matt/Electronics/eightoduino_phase_3/8OD.1_PLD_8OD.2/eighto/ioport.vhf sub00/vhpl28 1453705118
EN ioport_16 NULL //s8fs01/matt/Electronics/eightoduino/PLD/eighto/ioport_16.vhd sub00/vhpl36 1443618237
AR porta behavioral C:/Projects/8086/PLD/eighto/porta.vhf sub00/vhpl15 1407240549
EN spimaster NULL //s8fs01/matt/Electronics/eightoduino/PLD/eighto/spimaster.vhd sub00/vhpl76 1413101060
