eeschema (2013-07-07 BZR 4022)-stable  >> Creation date: 10/03/2016 10:35:45
#Cmp ( order = Reference )
| C1         0.1         
| C2         0.1         
| C3         0.1         
| C4         0.1         
| C5         0.1         
| C6         0.1         
| C7         0.1         
| C8         0.1         
| C9         0.1         
| C10        0.1         
| C11        0.1         
| C12        0.1         
| C13        0.1         
| C14        0.1         
| C15        0.1         
| C16        0.1         
| C17        0.1         
| C18        0.1         
| C19        0.1         
| C20        0.1         
| C21        0.1         
| C22        0.1         
| C23        220uF 16V   
| C24        0.1         
| C25        0.1         
| C26        0.1         
| C27        0.1         
| C28        330uF 10V   
| C29        0.1         
| C30        10uF 10V    
| C31        100pF       
| C32        47pF        
| C33        0.1         
| C34        220uF 16V   
| C35        10uF 10V    
| C36        0.1         
| C37        0.1         
| C38        0.1         
| C39        10uF 10V    
| C40        0.1         
| D1         MURS320     
| D2         POWER       
| HOLE1      CONN_1      
| HOLE2      CONN_1      
| HOLE3      CONN_1      
| JP1        CPUSPEED    
| L1         744065220   
| P1         GFP         
| P2         CONN_1      
| P3         JTAG        
| P4         DC_IN       
| P5         FC          
| P6         CODE DOWNLOAD
| P7         SPISPARE    
| P9         CONN_1      
| P10        CONN_1      
| P12        CONN_1      
| P13        CONN_1      
| P14        CONN_1      
| P15        CONN_1      
| P16        CONN_1      
| P17        CONN_1      
| P18        CONN_1      
| P19        FLM1        
| P20        CONN_1      
| P21        CONN_1      
| P22        CONN_1      
| P23        CONN_1      
| P25        FLM2        
| P26        GND         
| P27        GND         
| P28        GND         
| P29        GND         
| P30        GND         
| P33        CONN_1      
| P34        CONN_1      
| P35        CONN_1      
| P36        CONN_1      
| Q1         BC847       
| R1         10K         
| R2         10K         
| R3         10K         
| R4         10K         
| R5         10K         
| R6         10K         
| R7         10K         
| R8         10K         
| R9         10K         
| R10        10K         
| R11        10K         
| R12        1K          
| R13        10K         
| R14        10K         
| R15        100         
| R16        100         
| R19        10K         
| R20        0           
| R21        0           
| SW1        RESET       
| U1         8086        
| U2         XC95216     
| U3         27C4002     
| U4         7W-30.000MAB-T
| U5         ADM13305-33ARZ
| U6         M25P80-VMW6G
| U7         CY7C1041D   
| U8         AD7490      
| U9         74AHCT16245 
| U10        SC16C554    
| U11        LM2596-5.0  
| U12        KF33B       
| U13        TP3465      
| U14        TXB0106     
| U15        7W-24.000MAB-T
| U16        PCF8584     
| X1         LFXTAL010689
#End Cmp

#Cmp ( order = Value )
| 47pF         C32       
| 100pF        C31       
| 10uF 10V     C30       
| 10uF 10V     C35       
| 10uF 10V     C39       
| 220uF 16V    C23       
| 220uF 16V    C34       
| 330uF 10V    C28       
| 0.1          C1        
| 0.1          C2        
| 0.1          C3        
| 0.1          C4        
| 0.1          C5        
| 0.1          C6        
| 0.1          C7        
| 0.1          C8        
| 0.1          C9        
| 0.1          C10       
| 0.1          C11       
| 0.1          C12       
| 0.1          C13       
| 0.1          C14       
| 0.1          C15       
| 0.1          C16       
| 0.1          C17       
| 0.1          C18       
| 0.1          C19       
| 0.1          C20       
| 0.1          C21       
| 0.1          C22       
| 0.1          C24       
| 0.1          C25       
| 0.1          C26       
| 0.1          C27       
| 0.1          C29       
| 0.1          C33       
| 0.1          C36       
| 0.1          C37       
| 0.1          C38       
| 0.1          C40       
| MURS320      D1        
| POWER        D2        
| CONN_1       HOLE1     
| CONN_1       HOLE2     
| CONN_1       HOLE3     
| CPUSPEED     JP1       
| 744065220    L1        
| CONN_1       P2        
| JTAG         P3        
| DC_IN        P4        
| FC           P5        
| CODE DOWNLOAD P6        
| SPISPARE     P7        
| CONN_1       P9        
| CONN_1       P10       
| CONN_1       P12       
| CONN_1       P13       
| CONN_1       P14       
| CONN_1       P15       
| CONN_1       P16       
| CONN_1       P17       
| CONN_1       P18       
| FLM1         P19       
| CONN_1       P20       
| CONN_1       P21       
| CONN_1       P22       
| CONN_1       P23       
| FLM2         P25       
| GND          P26       
| GND          P27       
| GND          P28       
| GND          P29       
| GND          P30       
| CONN_1       P33       
| CONN_1       P34       
| CONN_1       P35       
| CONN_1       P36       
| GFP          P1        
| BC847        Q1        
| 0            R20       
| 0            R21       
| 100          R15       
| 100          R16       
| 1K           R12       
| 10K          R1        
| 10K          R2        
| 10K          R3        
| 10K          R4        
| 10K          R5        
| 10K          R6        
| 10K          R7        
| 10K          R8        
| 10K          R9        
| 10K          R10       
| 10K          R11       
| 10K          R13       
| 10K          R14       
| 10K          R19       
| RESET        SW1       
| 8086         U1        
| 74AHCT16245  U9        
| KF33B        U12       
| XC95216      U2        
| 27C4002      U3        
| 7W-30.000MAB-T U4        
| ADM13305-33ARZ U5        
| M25P80-VMW6G U6        
| CY7C1041D    U7        
| AD7490       U8        
| SC16C554     U10       
| LM2596-5.0   U11       
| TP3465       U13       
| TXB0106      U14       
| 7W-24.000MAB-T U15       
| PCF8584      U16       
| LFXTAL010689 X1        
#End Cmp

#End List
